2025-10-27 15:50:01,222 INFO - CloneGroupStatisticalAnalyzer初期化完了
2025-10-27 15:50:01,222 INFO - 削除されたグループとそうでないグループの比較分析開始
2025-10-27 15:50:01,222 INFO - code_blocks_enhanced.csv読み込み: ../results/20171124_011347_b45325e2/code_blocks_enhanced.csv
2025-10-27 15:50:01,280 INFO - 読み込み完了: 11048個のコードブロック
2025-10-27 15:50:01,280 INFO - method_tracing.csv読み込み: ../analysis/output/pair_diff_with_lists/20171124_011347_b45325e2_to_20180415_085830_d5d5a718/method_tracing.csv
2025-10-27 15:50:01,288 INFO - 読み込み完了: 11726個の追跡レコード
2025-10-27 15:50:01,487 INFO - 削除されたメソッド数: 638
2025-10-27 15:50:01,488 INFO - グループ削除パターン分析中...
2025-10-27 15:50:01,648 INFO - グループ分析完了:
2025-10-27 15:50:01,648 INFO -   全削除グループ: 64 (4.0%)
2025-10-27 15:50:01,648 INFO -   部分削除グループ: 116 (7.3%)
2025-10-27 15:50:01,648 INFO -   生存グループ: 1413 (88.7%)
2025-10-27 15:50:01,648 INFO - 統計検定実行中...
2025-10-27 15:50:01,651 INFO - 統計検定完了: 4個の検定を実行
2025-10-27 15:50:01,655 INFO - 分析結果保存完了: output/deletion_analysis
2025-10-27 15:50:01,655 INFO - 可視化作成中...
2025-10-27 15:50:02,658 INFO - 可視化保存完了: output/deletion_analysis/deletion_analysis_visualization.png
2025-10-27 15:50:02,658 INFO - 比較分析完了
2025-10-27 16:01:45,483 INFO - CloneGroupStatisticalAnalyzer初期化完了
2025-10-27 16:01:45,483 INFO - 削除されたグループとそうでないグループの比較分析開始
2025-10-27 16:01:45,483 INFO - code_blocks_enhanced.csv読み込み: ../results/20171124_011347_b45325e2/code_blocks_enhanced.csv
2025-10-27 16:01:45,541 INFO - 読み込み完了: 11048個のコードブロック
2025-10-27 16:01:45,541 INFO - method_tracing.csv読み込み: ../analysis/output/pair_diff_with_lists/20171124_011347_b45325e2_to_20180415_085830_d5d5a718/method_tracing.csv
2025-10-27 16:01:45,549 INFO - 読み込み完了: 11726個の追跡レコード
2025-10-27 16:01:45,772 INFO - 削除されたメソッド数: 638
2025-10-27 16:01:45,773 INFO - グループ削除パターン分析中...
2025-10-27 16:01:45,930 INFO - グループ分析完了:
2025-10-27 16:01:45,930 INFO -   全削除グループ: 64 (4.0%)
2025-10-27 16:01:45,930 INFO -   部分削除グループ: 116 (7.3%)
2025-10-27 16:01:45,930 INFO -   生存グループ: 1413 (88.7%)
2025-10-27 16:01:45,930 INFO - 統計検定実行中...
2025-10-27 16:01:45,934 INFO - 統計検定完了: 4個の検定を実行
2025-10-27 16:01:45,938 INFO - 分析結果保存完了: output/deletion_analysis
2025-10-27 16:01:45,938 INFO - 可視化作成中...
2025-10-27 16:01:46,339 INFO - 可視化保存完了: output/deletion_analysis/deletion_analysis_visualization.png
2025-10-27 16:01:46,339 INFO - 比較分析完了
