2025-10-19 15:08:42 - INFO - Found 37 snapshot files
2025-10-19 15:08:42 - INFO - 20090801_000716_9d008057: 0 unique pairs extracted
2025-10-19 15:08:42 - INFO - 20111010_015605_87a3370b: 358 unique pairs extracted
2025-10-19 15:08:42 - INFO - 20090801_000716_9d008057 -> 20111010_015605_87a3370b: added=358, deleted=0, persisted=0, total=358, added_rate=1.0000, deleted_rate=0.0000, persisted_rate=0.0000
2025-10-19 15:08:42 - INFO -   Detailed lists written to /app/output/pair_diff_with_lists/20090801_000716_9d008057_to_20111010_015605_87a3370b
2025-10-19 15:08:42 - INFO - 20111010_015605_87a3370b: 358 unique pairs extracted
2025-10-19 15:08:42 - INFO - 20120209_113131_71b65ab6: 610 unique pairs extracted
2025-10-19 15:08:42 - INFO - 20111010_015605_87a3370b -> 20120209_113131_71b65ab6: added=402, deleted=150, persisted=208, total=760, added_rate=0.5289, deleted_rate=0.1974, persisted_rate=0.2737
2025-10-19 15:08:42 - INFO -   Detailed lists written to /app/output/pair_diff_with_lists/20111010_015605_87a3370b_to_20120209_113131_71b65ab6
2025-10-19 15:08:42 - INFO - 20120209_113131_71b65ab6: 610 unique pairs extracted
2025-10-19 15:08:42 - INFO - 20120529_212811_10e3edea: 939 unique pairs extracted
2025-10-19 15:08:42 - INFO - 20120209_113131_71b65ab6 -> 20120529_212811_10e3edea: added=597, deleted=268, persisted=342, total=1207, added_rate=0.4946, deleted_rate=0.2220, persisted_rate=0.2833
2025-10-19 15:08:42 - INFO -   Detailed lists written to /app/output/pair_diff_with_lists/20120209_113131_71b65ab6_to_20120529_212811_10e3edea
2025-10-19 15:08:42 - INFO - 20120529_212811_10e3edea: 939 unique pairs extracted
2025-10-19 15:08:42 - INFO - 20121101_053615_026bc001: 1003 unique pairs extracted
2025-10-19 15:08:42 - INFO - 20120529_212811_10e3edea -> 20121101_053615_026bc001: added=352, deleted=288, persisted=651, total=1291, added_rate=0.2727, deleted_rate=0.2231, persisted_rate=0.5043
2025-10-19 15:08:42 - INFO -   Detailed lists written to /app/output/pair_diff_with_lists/20120529_212811_10e3edea_to_20121101_053615_026bc001
2025-10-19 15:08:42 - INFO - 20121101_053615_026bc001: 1003 unique pairs extracted
2025-10-19 15:08:42 - INFO - 20130212_043101_13c5d72a: 1216 unique pairs extracted
2025-10-19 15:08:42 - INFO - 20121101_053615_026bc001 -> 20130212_043101_13c5d72a: added=527, deleted=314, persisted=689, total=1530, added_rate=0.3444, deleted_rate=0.2052, persisted_rate=0.4503
2025-10-19 15:08:42 - INFO -   Detailed lists written to /app/output/pair_diff_with_lists/20121101_053615_026bc001_to_20130212_043101_13c5d72a
2025-10-19 15:08:42 - INFO - 20130212_043101_13c5d72a: 1216 unique pairs extracted
2025-10-19 15:08:42 - INFO - 20130520_021854_68953ed9: 1287 unique pairs extracted
2025-10-19 15:08:42 - INFO - 20130212_043101_13c5d72a -> 20130520_021854_68953ed9: added=382, deleted=311, persisted=905, total=1598, added_rate=0.2390, deleted_rate=0.1946, persisted_rate=0.5663
2025-10-19 15:08:42 - INFO -   Detailed lists written to /app/output/pair_diff_with_lists/20130212_043101_13c5d72a_to_20130520_021854_68953ed9
2025-10-19 15:08:42 - INFO - 20130520_021854_68953ed9: 1287 unique pairs extracted
2025-10-19 15:08:42 - INFO - 20130906_121306_ebee2f8e: 2120 unique pairs extracted
2025-10-19 15:08:42 - INFO - 20130520_021854_68953ed9 -> 20130906_121306_ebee2f8e: added=1360, deleted=527, persisted=760, total=2647, added_rate=0.5138, deleted_rate=0.1991, persisted_rate=0.2871
2025-10-19 15:08:42 - INFO -   Detailed lists written to /app/output/pair_diff_with_lists/20130520_021854_68953ed9_to_20130906_121306_ebee2f8e
2025-10-19 15:08:42 - INFO - 20130906_121306_ebee2f8e: 2120 unique pairs extracted
2025-10-19 15:08:42 - INFO - 20131225_104438_5e6e590e: 2401 unique pairs extracted
2025-10-19 15:08:42 - INFO - 20130906_121306_ebee2f8e -> 20131225_104438_5e6e590e: added=989, deleted=708, persisted=1412, total=3109, added_rate=0.3181, deleted_rate=0.2277, persisted_rate=0.4542
2025-10-19 15:08:42 - INFO -   Detailed lists written to /app/output/pair_diff_with_lists/20130906_121306_ebee2f8e_to_20131225_104438_5e6e590e
2025-10-19 15:08:42 - INFO - 20131225_104438_5e6e590e: 2401 unique pairs extracted
2025-10-19 15:08:42 - INFO - 20140315_074455_7bb9174e: 2463 unique pairs extracted
2025-10-19 15:08:42 - INFO - 20131225_104438_5e6e590e -> 20140315_074455_7bb9174e: added=651, deleted=589, persisted=1812, total=3052, added_rate=0.2133, deleted_rate=0.1930, persisted_rate=0.5937
2025-10-19 15:08:42 - INFO -   Detailed lists written to /app/output/pair_diff_with_lists/20131225_104438_5e6e590e_to_20140315_074455_7bb9174e
2025-10-19 15:08:42 - INFO - 20140315_074455_7bb9174e: 2463 unique pairs extracted
2025-10-19 15:08:42 - INFO - 20140708_042450_d6eace7b: 2793 unique pairs extracted
2025-10-19 15:08:42 - INFO - 20140315_074455_7bb9174e -> 20140708_042450_d6eace7b: added=1206, deleted=876, persisted=1587, total=3669, added_rate=0.3287, deleted_rate=0.2388, persisted_rate=0.4325
2025-10-19 15:08:42 - INFO -   Detailed lists written to /app/output/pair_diff_with_lists/20140315_074455_7bb9174e_to_20140708_042450_d6eace7b
2025-10-19 15:08:42 - INFO - 20140708_042450_d6eace7b: 2793 unique pairs extracted
2025-10-19 15:08:42 - INFO - 20141204_074003_4661525c: 3137 unique pairs extracted
2025-10-19 15:08:42 - INFO - 20140708_042450_d6eace7b -> 20141204_074003_4661525c: added=917, deleted=573, persisted=2220, total=3710, added_rate=0.2472, deleted_rate=0.1544, persisted_rate=0.5984
2025-10-19 15:08:42 - INFO -   Detailed lists written to /app/output/pair_diff_with_lists/20140708_042450_d6eace7b_to_20141204_074003_4661525c
2025-10-19 15:08:42 - INFO - 20141204_074003_4661525c: 3137 unique pairs extracted
2025-10-19 15:08:42 - INFO - 20150625_024213_55d07c0c: 3297 unique pairs extracted
2025-10-19 15:08:42 - INFO - 20141204_074003_4661525c -> 20150625_024213_55d07c0c: added=730, deleted=570, persisted=2567, total=3867, added_rate=0.1888, deleted_rate=0.1474, persisted_rate=0.6638
2025-10-19 15:08:42 - INFO -   Detailed lists written to /app/output/pair_diff_with_lists/20141204_074003_4661525c_to_20150625_024213_55d07c0c
2025-10-19 15:08:42 - INFO - 20150625_024213_55d07c0c: 3297 unique pairs extracted
2025-10-19 15:08:42 - INFO - 20151119_014958_d6ceebab: 6855 unique pairs extracted
2025-10-19 15:08:42 - INFO - 20150625_024213_55d07c0c -> 20151119_014958_d6ceebab: added=4502, deleted=944, persisted=2353, total=7799, added_rate=0.5773, deleted_rate=0.1210, persisted_rate=0.3017
2025-10-19 15:08:42 - INFO -   Detailed lists written to /app/output/pair_diff_with_lists/20150625_024213_55d07c0c_to_20151119_014958_d6ceebab
2025-10-19 15:08:42 - INFO - 20151119_014958_d6ceebab: 6855 unique pairs extracted
2025-10-19 15:08:42 - INFO - 20160729_092155_aa88215a: 7774 unique pairs extracted
2025-10-19 15:08:42 - INFO - 20151119_014958_d6ceebab -> 20160729_092155_aa88215a: added=2754, deleted=1835, persisted=5020, total=9609, added_rate=0.2866, deleted_rate=0.1910, persisted_rate=0.5224
2025-10-19 15:08:42 - INFO -   Detailed lists written to /app/output/pair_diff_with_lists/20151119_014958_d6ceebab_to_20160729_092155_aa88215a
2025-10-19 15:08:42 - INFO - 20160729_092155_aa88215a: 7774 unique pairs extracted
2025-10-19 15:08:42 - INFO - 20170415_224643_61d84dbf: 5169 unique pairs extracted
2025-10-19 15:08:42 - INFO - 20160729_092155_aa88215a -> 20170415_224643_61d84dbf: added=2084, deleted=4689, persisted=3085, total=9858, added_rate=0.2114, deleted_rate=0.4757, persisted_rate=0.3129
2025-10-19 15:08:42 - INFO -   Detailed lists written to /app/output/pair_diff_with_lists/20160729_092155_aa88215a_to_20170415_224643_61d84dbf
2025-10-19 15:08:42 - INFO - 20170415_224643_61d84dbf: 5169 unique pairs extracted
2025-10-19 15:08:42 - INFO - 20171124_011347_b45325e2: 5111 unique pairs extracted
2025-10-19 15:08:42 - INFO - 20170415_224643_61d84dbf -> 20171124_011347_b45325e2: added=3307, deleted=3365, persisted=1804, total=8476, added_rate=0.3902, deleted_rate=0.3970, persisted_rate=0.2128
2025-10-19 15:08:42 - INFO -   Detailed lists written to /app/output/pair_diff_with_lists/20170415_224643_61d84dbf_to_20171124_011347_b45325e2
2025-10-19 15:08:42 - INFO - 20171124_011347_b45325e2: 5111 unique pairs extracted
2025-10-19 15:08:42 - INFO - 20180415_085830_d5d5a718: 5205 unique pairs extracted
2025-10-19 15:08:42 - INFO - 20171124_011347_b45325e2 -> 20180415_085830_d5d5a718: added=1797, deleted=1703, persisted=3408, total=6908, added_rate=0.2601, deleted_rate=0.2465, persisted_rate=0.4933
2025-10-19 15:08:42 - INFO -   Detailed lists written to /app/output/pair_diff_with_lists/20171124_011347_b45325e2_to_20180415_085830_d5d5a718
2025-10-19 15:08:42 - INFO - 20180415_085830_d5d5a718: 5205 unique pairs extracted
2025-10-19 15:08:42 - INFO - 20181029_085706_96d321c7: 5576 unique pairs extracted
2025-10-19 15:08:42 - INFO - 20180415_085830_d5d5a718 -> 20181029_085706_96d321c7: added=2224, deleted=1853, persisted=3352, total=7429, added_rate=0.2994, deleted_rate=0.2494, persisted_rate=0.4512
2025-10-19 15:08:42 - INFO -   Detailed lists written to /app/output/pair_diff_with_lists/20180415_085830_d5d5a718_to_20181029_085706_96d321c7
2025-10-19 15:08:42 - INFO - 20181029_085706_96d321c7: 5576 unique pairs extracted
2025-10-19 15:08:42 - INFO - 20190309_065227_0d893d08: 6021 unique pairs extracted
2025-10-19 15:08:42 - INFO - 20181029_085706_96d321c7 -> 20190309_065227_0d893d08: added=2673, deleted=2228, persisted=3348, total=8249, added_rate=0.3240, deleted_rate=0.2701, persisted_rate=0.4059
2025-10-19 15:08:42 - INFO -   Detailed lists written to /app/output/pair_diff_with_lists/20181029_085706_96d321c7_to_20190309_065227_0d893d08
2025-10-19 15:08:42 - INFO - 20190309_065227_0d893d08: 6021 unique pairs extracted
2025-10-19 15:08:42 - INFO - 20190822_202836_8f6118c6: 6108 unique pairs extracted
2025-10-19 15:08:42 - INFO - 20190309_065227_0d893d08 -> 20190822_202836_8f6118c6: added=5265, deleted=5178, persisted=843, total=11286, added_rate=0.4665, deleted_rate=0.4588, persisted_rate=0.0747
2025-10-19 15:08:42 - INFO -   Detailed lists written to /app/output/pair_diff_with_lists/20190309_065227_0d893d08_to_20190822_202836_8f6118c6
2025-10-19 15:08:42 - INFO - 20190822_202836_8f6118c6: 6108 unique pairs extracted
2025-10-19 15:08:42 - INFO - 20191207_021832_857b3d66: 6123 unique pairs extracted
2025-10-19 15:08:42 - INFO - 20190822_202836_8f6118c6 -> 20191207_021832_857b3d66: added=2510, deleted=2495, persisted=3613, total=8618, added_rate=0.2913, deleted_rate=0.2895, persisted_rate=0.4192
2025-10-19 15:08:42 - INFO -   Detailed lists written to /app/output/pair_diff_with_lists/20190822_202836_8f6118c6_to_20191207_021832_857b3d66
2025-10-19 15:08:42 - INFO - 20191207_021832_857b3d66: 6123 unique pairs extracted
2025-10-19 15:08:42 - INFO - 20200215_185511_b41911e5: 6243 unique pairs extracted
2025-10-19 15:08:42 - INFO - 20191207_021832_857b3d66 -> 20200215_185511_b41911e5: added=1650, deleted=1530, persisted=4593, total=7773, added_rate=0.2123, deleted_rate=0.1968, persisted_rate=0.5909
2025-10-19 15:08:42 - INFO -   Detailed lists written to /app/output/pair_diff_with_lists/20191207_021832_857b3d66_to_20200215_185511_b41911e5
2025-10-19 15:08:42 - INFO - 20200215_185511_b41911e5: 6243 unique pairs extracted
2025-10-19 15:08:42 - INFO - 20200506_164945_18a7e973: 6497 unique pairs extracted
2025-10-19 15:08:42 - INFO - 20200215_185511_b41911e5 -> 20200506_164945_18a7e973: added=1809, deleted=1555, persisted=4688, total=8052, added_rate=0.2247, deleted_rate=0.1931, persisted_rate=0.5822
2025-10-19 15:08:42 - INFO -   Detailed lists written to /app/output/pair_diff_with_lists/20200215_185511_b41911e5_to_20200506_164945_18a7e973
2025-10-19 15:08:42 - INFO - 20200506_164945_18a7e973: 6497 unique pairs extracted
2025-10-19 15:08:42 - INFO - 20200912_100015_2067d7e3: 6923 unique pairs extracted
2025-10-19 15:08:42 - INFO - 20200506_164945_18a7e973 -> 20200912_100015_2067d7e3: added=1535, deleted=1109, persisted=5388, total=8032, added_rate=0.1911, deleted_rate=0.1381, persisted_rate=0.6708
2025-10-19 15:08:42 - INFO -   Detailed lists written to /app/output/pair_diff_with_lists/20200506_164945_18a7e973_to_20200912_100015_2067d7e3
2025-10-19 15:08:42 - INFO - 20200912_100015_2067d7e3: 6923 unique pairs extracted
2025-10-19 15:08:42 - INFO - 20201127_011850_43fa1600: 7452 unique pairs extracted
2025-10-19 15:08:42 - INFO - 20200912_100015_2067d7e3 -> 20201127_011850_43fa1600: added=3024, deleted=2495, persisted=4428, total=9947, added_rate=0.3040, deleted_rate=0.2508, persisted_rate=0.4452
2025-10-19 15:08:42 - INFO -   Detailed lists written to /app/output/pair_diff_with_lists/20200912_100015_2067d7e3_to_20201127_011850_43fa1600
2025-10-19 15:08:42 - INFO - 20201127_011850_43fa1600: 7452 unique pairs extracted
2025-10-19 15:08:42 - INFO - 20210225_094059_b1363b4c: 7871 unique pairs extracted
2025-10-19 15:08:42 - INFO - 20201127_011850_43fa1600 -> 20210225_094059_b1363b4c: added=2424, deleted=2005, persisted=5447, total=9876, added_rate=0.2454, deleted_rate=0.2030, persisted_rate=0.5515
2025-10-19 15:08:42 - INFO -   Detailed lists written to /app/output/pair_diff_with_lists/20201127_011850_43fa1600_to_20210225_094059_b1363b4c
2025-10-19 15:08:42 - INFO - 20210225_094059_b1363b4c: 7871 unique pairs extracted
2025-10-19 15:08:42 - INFO - 20210608_215541_e4dedcaf: 8486 unique pairs extracted
2025-10-19 15:08:42 - INFO - 20210225_094059_b1363b4c -> 20210608_215541_e4dedcaf: added=2721, deleted=2106, persisted=5765, total=10592, added_rate=0.2569, deleted_rate=0.1988, persisted_rate=0.5443
2025-10-19 15:08:42 - INFO -   Detailed lists written to /app/output/pair_diff_with_lists/20210225_094059_b1363b4c_to_20210608_215541_e4dedcaf
2025-10-19 15:08:42 - INFO - 20210608_215541_e4dedcaf: 8486 unique pairs extracted
2025-10-19 15:08:42 - INFO - 20211021_094940_ad0baebc: 8675 unique pairs extracted
2025-10-19 15:08:42 - INFO - 20210608_215541_e4dedcaf -> 20211021_094940_ad0baebc: added=1726, deleted=1537, persisted=6949, total=10212, added_rate=0.1690, deleted_rate=0.1505, persisted_rate=0.6805
2025-10-19 15:08:42 - INFO -   Detailed lists written to /app/output/pair_diff_with_lists/20210608_215541_e4dedcaf_to_20211021_094940_ad0baebc
2025-10-19 15:08:42 - INFO - 20211021_094940_ad0baebc: 8675 unique pairs extracted
2025-10-19 15:08:42 - INFO - 20220216_053338_08104e8c: 8999 unique pairs extracted
2025-10-19 15:08:42 - INFO - 20211021_094940_ad0baebc -> 20220216_053338_08104e8c: added=2740, deleted=2416, persisted=6259, total=11415, added_rate=0.2400, deleted_rate=0.2117, persisted_rate=0.5483
2025-10-19 15:08:42 - INFO -   Detailed lists written to /app/output/pair_diff_with_lists/20211021_094940_ad0baebc_to_20220216_053338_08104e8c
2025-10-19 15:08:42 - INFO - 20220216_053338_08104e8c: 8999 unique pairs extracted
2025-10-19 15:08:42 - INFO - 20220824_021826_224458ee: 11204 unique pairs extracted
2025-10-19 15:08:43 - INFO - 20220216_053338_08104e8c -> 20220824_021826_224458ee: added=3936, deleted=1731, persisted=7268, total=12935, added_rate=0.3043, deleted_rate=0.1338, persisted_rate=0.5619
2025-10-19 15:08:43 - INFO -   Detailed lists written to /app/output/pair_diff_with_lists/20220216_053338_08104e8c_to_20220824_021826_224458ee
2025-10-19 15:08:43 - INFO - 20220824_021826_224458ee: 11204 unique pairs extracted
2025-10-19 15:08:43 - INFO - 20221228_040034_21d6fcbd: 10164 unique pairs extracted
2025-10-19 15:08:43 - INFO - 20220824_021826_224458ee -> 20221228_040034_21d6fcbd: added=3359, deleted=4399, persisted=6805, total=14563, added_rate=0.2307, deleted_rate=0.3021, persisted_rate=0.4673
2025-10-19 15:08:43 - INFO -   Detailed lists written to /app/output/pair_diff_with_lists/20220824_021826_224458ee_to_20221228_040034_21d6fcbd
2025-10-19 15:08:43 - INFO - 20221228_040034_21d6fcbd: 10164 unique pairs extracted
2025-10-19 15:08:43 - INFO - 20230402_231338_ac79adcf: 11634 unique pairs extracted
2025-10-19 15:08:43 - INFO - 20221228_040034_21d6fcbd -> 20230402_231338_ac79adcf: added=3827, deleted=2357, persisted=7807, total=13991, added_rate=0.2735, deleted_rate=0.1685, persisted_rate=0.5580
2025-10-19 15:08:43 - INFO -   Detailed lists written to /app/output/pair_diff_with_lists/20221228_040034_21d6fcbd_to_20230402_231338_ac79adcf
2025-10-19 15:08:43 - INFO - 20230402_231338_ac79adcf: 11634 unique pairs extracted
2025-10-19 15:08:43 - INFO - 20230805_020630_0eeb8cbe: 12940 unique pairs extracted
2025-10-19 15:08:43 - INFO - 20230402_231338_ac79adcf -> 20230805_020630_0eeb8cbe: added=5293, deleted=3987, persisted=7647, total=16927, added_rate=0.3127, deleted_rate=0.2355, persisted_rate=0.4518
2025-10-19 15:08:43 - INFO -   Detailed lists written to /app/output/pair_diff_with_lists/20230402_231338_ac79adcf_to_20230805_020630_0eeb8cbe
2025-10-19 15:08:43 - INFO - 20230805_020630_0eeb8cbe: 12940 unique pairs extracted
2025-10-19 15:08:43 - INFO - 20231220_064950_ae860227: 14907 unique pairs extracted
2025-10-19 15:08:43 - INFO - 20230805_020630_0eeb8cbe -> 20231220_064950_ae860227: added=6238, deleted=4271, persisted=8669, total=19178, added_rate=0.3253, deleted_rate=0.2227, persisted_rate=0.4520
2025-10-19 15:08:43 - INFO -   Detailed lists written to /app/output/pair_diff_with_lists/20230805_020630_0eeb8cbe_to_20231220_064950_ae860227
2025-10-19 15:08:43 - INFO - 20231220_064950_ae860227: 14907 unique pairs extracted
2025-10-19 15:08:43 - INFO - 20240517_010707_737c69cf: 14410 unique pairs extracted
2025-10-19 15:08:43 - INFO - 20231220_064950_ae860227 -> 20240517_010707_737c69cf: added=4128, deleted=4625, persisted=10282, total=19035, added_rate=0.2169, deleted_rate=0.2430, persisted_rate=0.5402
2025-10-19 15:08:43 - INFO -   Detailed lists written to /app/output/pair_diff_with_lists/20231220_064950_ae860227_to_20240517_010707_737c69cf
2025-10-19 15:08:43 - INFO - 20240517_010707_737c69cf: 14410 unique pairs extracted
2025-10-19 15:08:43 - INFO - 20250301_032259_928fb7eb: 14672 unique pairs extracted
2025-10-19 15:08:43 - INFO - 20240517_010707_737c69cf -> 20250301_032259_928fb7eb: added=3522, deleted=3260, persisted=11150, total=17932, added_rate=0.1964, deleted_rate=0.1818, persisted_rate=0.6218
2025-10-19 15:08:43 - INFO -   Detailed lists written to /app/output/pair_diff_with_lists/20240517_010707_737c69cf_to_20250301_032259_928fb7eb
2025-10-19 15:08:43 - INFO - Summary written to /app/output/pair_diff_with_lists/pair_diff_summary.csv
2025-10-19 15:08:43 - INFO - Analysis complete!
